// Jest Snapshot v1, https://goo.gl/fbAQLP

exports[`icon render successfully 1`] = `
<svg
  className="moore-ui-icon"
>
  <use
    xlinkHref="#wechat"
  />
</svg>
`;

exports[`icon xxx 1`] = `
<svg
  className="moore-ui-icon"
>
  <use
    xlinkHref="#wechat"
  />
</svg>
`;